main.c:115:13:changeSpeakerFrequency	120	static
main.c:191:6:waitForPBRelease	16	static
main.c:203:6:startUpLCDSplashScreen	24	static
main.c:218:6:playAudio	16	static
main.c:238:6:pushButtonInit	8	static
main.c:250:6:displayWelcome	24	static
main.c:262:6:displayAmount	40	static
main.c:273:7:checkIfAmountRecd	16	static
main.c:292:17:checkOkOrCancel	8	static
main.c:307:6:displayOkCancel	24	static
main.c:320:17:chequingOrSavings	8	static
main.c:335:6:displaySavingOrChequing	40	static
main.c:354:6:displayTransactionCancel	40	static
main.c:375:6:displayEnterPIN	24	static
main.c:389:5:enterPIN	24	static
main.c:410:6:bankOK	8	static
main.c:431:6:bankNotOK	8	static
main.c:450:6:displayPrintReciept	8	static
main.c:463:6:displayPrintingReciept	8	static
main.c:489:6:printTransactionRecord	32	static
main.c:504:6:recordTransactionEndOfList	24	static
main.c:536:5:main	24	static
main.c:732:6:SystemClock_Config	184	static
main.c:799:13:MX_RTC_Init	32	static
main.c:862:13:MX_TIM1_Init	96	static
main.c:932:13:MX_USART2_UART_Init	8	static
main.c:967:13:MX_GPIO_Init	40	static
main.c:999:6:Error_Handler	4	static
